
Running 9 tests using 6 workers

[WebServer] 笞 Cross origin request detected from 127.0.0.1 to /_next/* resource. In a future major version of Next.js, you will need to explicitly configure "allowedDevOrigins" in next.config to allow this.
[WebServer] Read more: https://nextjs.org/docs/app/api-reference/config/next-config-js/allowedDevOrigins
  笨・ 1 [chromium] 窶ｺ e2e\example.spec.ts:3:5 窶ｺ homepage has title (2.5s)
  笨・ 6 [chromium] 窶ｺ e2e\screenshot.spec.ts:3:5 窶ｺ take screenshot of the home page (3.1s)
  笨・ 4 [chromium] 窶ｺ e2e\home.spec.ts:3:5 窶ｺ login and verify home page loads correctly (7.0s)
  笨・ 2 [firefox] 窶ｺ e2e\example.spec.ts:3:5 窶ｺ homepage has title (6.7s)
  笨・ 5 [firefox] 窶ｺ e2e\screenshot.spec.ts:3:5 窶ｺ take screenshot of the home page (8.5s)
  笨・ 7 [webkit] 窶ｺ e2e\example.spec.ts:3:5 窶ｺ homepage has title (2.8s)
  笨・ 3 [firefox] 窶ｺ e2e\home.spec.ts:3:5 窶ｺ login and verify home page loads correctly (11.3s)
  笨・ 9 [webkit] 窶ｺ e2e\screenshot.spec.ts:3:5 窶ｺ take screenshot of the home page (3.2s)
  笨・ 8 [webkit] 窶ｺ e2e\home.spec.ts:3:5 窶ｺ login and verify home page loads correctly (30.1s)


  1) [webkit] 窶ｺ e2e\home.spec.ts:3:5 窶ｺ login and verify home page loads correctly 笏笏笏笏笏笏笏笏笏笏笏笏笏笏笏笏笏笏

    [31mTest timeout of 30000ms exceeded.[39m

    Error: page.waitForURL: Test timeout of 30000ms exceeded.
    =========================== logs ===========================
    waiting for navigation to "**/" until "load"
    ============================================================

      13 |
      14 |     // Wait for the home page to load
    > 15 |     await page.waitForURL('**/');
         |                ^
      16 |
      17 |     // Check if a header for the report cards exists (checking if data fetched successfully)
      18 |     // The home page has "驕疲・縺励◆TODO" or "蟄ｦ鄙貞・螳ｹ" depending on the data
        at C:\Users\yufuj\Desktop\dev\study-manage-by-gpt\e2e\home.spec.ts:15:16

    Error Context: test-results\home-login-and-verify-home-page-loads-correctly-webkit\error-context.md

  1 failed
    [webkit] 窶ｺ e2e\home.spec.ts:3:5 窶ｺ login and verify home page loads correctly 笏笏笏笏笏笏笏笏笏笏笏笏笏笏笏笏笏笏笏
  8 passed (55.3s)
