
Running 6 tests using 4 workers

[1A[2K[1/6] [firefox] 窶ｺ e2e\routine.spec.ts:21:9 窶ｺ Routine Page 窶ｺ should render active and deleted tabs
[1A[2K[2/6] [chromium] 窶ｺ e2e\routine.spec.ts:21:9 窶ｺ Routine Page 窶ｺ should render active and deleted tabs
[1A[2K  1) [firefox] 窶ｺ e2e\routine.spec.ts:21:9 窶ｺ Routine Page 窶ｺ should render active and deleted tabs 笏笏笏

    Error: browserType.launch: Executable doesn't exist at C:\Users\yufuj\AppData\Local\ms-playwright\firefox-1509\firefox\firefox.exe
    笊披武笊絶武笊絶武笊絶武笊絶武笊絶武笊絶武笊絶武笊絶武笊絶武笊絶武笊絶武笊絶武笊絶武笊絶武笊絶武笊絶武笊絶武笊絶武笊絶武笊絶武笊絶武笊絶武笊絶武笊絶武笊絶武笊絶武笊絶武笊絶武笊絶武笊絶武笊絶武笊絶武笊絶武笊絶武笊絶武笊絶武笊・    笊・Looks like Playwright Test or Playwright was just installed or updated. 笊・    笊・Please run the following command to download new browsers:              笊・    笊・                                                                        笊・    笊・    npx playwright install                                              笊・    笊・                                                                        笊・    笊・<3 Playwright Team                                                      笊・    笊壺武笊絶武笊絶武笊絶武笊絶武笊絶武笊絶武笊絶武笊絶武笊絶武笊絶武笊絶武笊絶武笊絶武笊絶武笊絶武笊絶武笊絶武笊絶武笊絶武笊絶武笊絶武笊絶武笊絶武笊絶武笊絶武笊絶武笊絶武笊絶武笊絶武笊絶武笊絶武笊絶武笊絶武笊絶武笊絶武笊絶武笊・

[1A[2K[3/6] [firefox] 窶ｺ e2e\routine.spec.ts:41:9 窶ｺ Routine Page 窶ｺ should add a new routine successfully
[1A[2K[4/6] [chromium] 窶ｺ e2e\routine.spec.ts:41:9 窶ｺ Routine Page 窶ｺ should add a new routine successfully
[1A[2K  2) [chromium] 窶ｺ e2e\routine.spec.ts:21:9 窶ｺ Routine Page 窶ｺ should render active and deleted tabs 笏笏

    Error: browserType.launch: Executable doesn't exist at C:\Users\yufuj\AppData\Local\ms-playwright\chromium_headless_shell-1208\chrome-headless-shell-win64\chrome-headless-shell.exe
    笊披武笊絶武笊絶武笊絶武笊絶武笊絶武笊絶武笊絶武笊絶武笊絶武笊絶武笊絶武笊絶武笊絶武笊絶武笊絶武笊絶武笊絶武笊絶武笊絶武笊絶武笊絶武笊絶武笊絶武笊絶武笊絶武笊絶武笊絶武笊絶武笊絶武笊絶武笊絶武笊絶武笊絶武笊絶武笊絶武笊絶武笊・    笊・Looks like Playwright Test or Playwright was just installed or updated. 笊・    笊・Please run the following command to download new browsers:              笊・    笊・                                                                        笊・    笊・    npx playwright install                                              笊・    笊・                                                                        笊・    笊・<3 Playwright Team                                                      笊・    笊壺武笊絶武笊絶武笊絶武笊絶武笊絶武笊絶武笊絶武笊絶武笊絶武笊絶武笊絶武笊絶武笊絶武笊絶武笊絶武笊絶武笊絶武笊絶武笊絶武笊絶武笊絶武笊絶武笊絶武笊絶武笊絶武笊絶武笊絶武笊絶武笊絶武笊絶武笊絶武笊絶武笊絶武笊絶武笊絶武笊絶武笊・

[1A[2K  3) [firefox] 窶ｺ e2e\routine.spec.ts:41:9 窶ｺ Routine Page 窶ｺ should add a new routine successfully 笏笏笏

    Error: browserType.launch: Executable doesn't exist at C:\Users\yufuj\AppData\Local\ms-playwright\firefox-1509\firefox\firefox.exe
    笊披武笊絶武笊絶武笊絶武笊絶武笊絶武笊絶武笊絶武笊絶武笊絶武笊絶武笊絶武笊絶武笊絶武笊絶武笊絶武笊絶武笊絶武笊絶武笊絶武笊絶武笊絶武笊絶武笊絶武笊絶武笊絶武笊絶武笊絶武笊絶武笊絶武笊絶武笊絶武笊絶武笊絶武笊絶武笊絶武笊絶武笊・    笊・Looks like Playwright Test or Playwright was just installed or updated. 笊・    笊・Please run the following command to download new browsers:              笊・    笊・                                                                        笊・    笊・    npx playwright install                                              笊・    笊・                                                                        笊・    笊・<3 Playwright Team                                                      笊・    笊壺武笊絶武笊絶武笊絶武笊絶武笊絶武笊絶武笊絶武笊絶武笊絶武笊絶武笊絶武笊絶武笊絶武笊絶武笊絶武笊絶武笊絶武笊絶武笊絶武笊絶武笊絶武笊絶武笊絶武笊絶武笊絶武笊絶武笊絶武笊絶武笊絶武笊絶武笊絶武笊絶武笊絶武笊絶武笊絶武笊絶武笊・

[1A[2K  4) [chromium] 窶ｺ e2e\routine.spec.ts:41:9 窶ｺ Routine Page 窶ｺ should add a new routine successfully 笏笏

    Error: browserType.launch: Executable doesn't exist at C:\Users\yufuj\AppData\Local\ms-playwright\chromium_headless_shell-1208\chrome-headless-shell-win64\chrome-headless-shell.exe
    笊披武笊絶武笊絶武笊絶武笊絶武笊絶武笊絶武笊絶武笊絶武笊絶武笊絶武笊絶武笊絶武笊絶武笊絶武笊絶武笊絶武笊絶武笊絶武笊絶武笊絶武笊絶武笊絶武笊絶武笊絶武笊絶武笊絶武笊絶武笊絶武笊絶武笊絶武笊絶武笊絶武笊絶武笊絶武笊絶武笊絶武笊・    笊・Looks like Playwright Test or Playwright was just installed or updated. 笊・    笊・Please run the following command to download new browsers:              笊・    笊・                                                                        笊・    笊・    npx playwright install                                              笊・    笊・                                                                        笊・    笊・<3 Playwright Team                                                      笊・    笊壺武笊絶武笊絶武笊絶武笊絶武笊絶武笊絶武笊絶武笊絶武笊絶武笊絶武笊絶武笊絶武笊絶武笊絶武笊絶武笊絶武笊絶武笊絶武笊絶武笊絶武笊絶武笊絶武笊絶武笊絶武笊絶武笊絶武笊絶武笊絶武笊絶武笊絶武笊絶武笊絶武笊絶武笊絶武笊絶武笊絶武笊・

[1A[2K[5/6] [webkit] 窶ｺ e2e\routine.spec.ts:21:9 窶ｺ Routine Page 窶ｺ should render active and deleted tabs
[1A[2K[6/6] [webkit] 窶ｺ e2e\routine.spec.ts:41:9 窶ｺ Routine Page 窶ｺ should add a new routine successfully
[1A[2K  5) [webkit] 窶ｺ e2e\routine.spec.ts:21:9 窶ｺ Routine Page 窶ｺ should render active and deleted tabs 笏笏笏笏

    Error: browserType.launch: Executable doesn't exist at C:\Users\yufuj\AppData\Local\ms-playwright\webkit-2248\Playwright.exe
    笊披武笊絶武笊絶武笊絶武笊絶武笊絶武笊絶武笊絶武笊絶武笊絶武笊絶武笊絶武笊絶武笊絶武笊絶武笊絶武笊絶武笊絶武笊絶武笊絶武笊絶武笊絶武笊絶武笊絶武笊絶武笊絶武笊絶武笊絶武笊絶武笊絶武笊絶武笊絶武笊絶武笊絶武笊絶武笊絶武笊絶武笊・    笊・Looks like Playwright Test or Playwright was just installed or updated. 笊・    笊・Please run the following command to download new browsers:              笊・    笊・                                                                        笊・    笊・    npx playwright install                                              笊・    笊・                                                                        笊・    笊・<3 Playwright Team                                                      笊・    笊壺武笊絶武笊絶武笊絶武笊絶武笊絶武笊絶武笊絶武笊絶武笊絶武笊絶武笊絶武笊絶武笊絶武笊絶武笊絶武笊絶武笊絶武笊絶武笊絶武笊絶武笊絶武笊絶武笊絶武笊絶武笊絶武笊絶武笊絶武笊絶武笊絶武笊絶武笊絶武笊絶武笊絶武笊絶武笊絶武笊絶武笊・

[1A[2K  6) [webkit] 窶ｺ e2e\routine.spec.ts:41:9 窶ｺ Routine Page 窶ｺ should add a new routine successfully 笏笏笏笏

    Error: browserType.launch: Executable doesn't exist at C:\Users\yufuj\AppData\Local\ms-playwright\webkit-2248\Playwright.exe
    笊披武笊絶武笊絶武笊絶武笊絶武笊絶武笊絶武笊絶武笊絶武笊絶武笊絶武笊絶武笊絶武笊絶武笊絶武笊絶武笊絶武笊絶武笊絶武笊絶武笊絶武笊絶武笊絶武笊絶武笊絶武笊絶武笊絶武笊絶武笊絶武笊絶武笊絶武笊絶武笊絶武笊絶武笊絶武笊絶武笊絶武笊・    笊・Looks like Playwright Test or Playwright was just installed or updated. 笊・    笊・Please run the following command to download new browsers:              笊・    笊・                                                                        笊・    笊・    npx playwright install                                              笊・    笊・                                                                        笊・    笊・<3 Playwright Team                                                      笊・    笊壺武笊絶武笊絶武笊絶武笊絶武笊絶武笊絶武笊絶武笊絶武笊絶武笊絶武笊絶武笊絶武笊絶武笊絶武笊絶武笊絶武笊絶武笊絶武笊絶武笊絶武笊絶武笊絶武笊絶武笊絶武笊絶武笊絶武笊絶武笊絶武笊絶武笊絶武笊絶武笊絶武笊絶武笊絶武笊絶武笊絶武笊・

[1A[2K  6 failed
    [chromium] 窶ｺ e2e\routine.spec.ts:21:9 窶ｺ Routine Page 窶ｺ should render active and deleted tabs 笏笏笏
    [chromium] 窶ｺ e2e\routine.spec.ts:41:9 窶ｺ Routine Page 窶ｺ should add a new routine successfully 笏笏笏
    [firefox] 窶ｺ e2e\routine.spec.ts:21:9 窶ｺ Routine Page 窶ｺ should render active and deleted tabs 笏笏笏笏
    [firefox] 窶ｺ e2e\routine.spec.ts:41:9 窶ｺ Routine Page 窶ｺ should add a new routine successfully 笏笏笏笏
    [webkit] 窶ｺ e2e\routine.spec.ts:21:9 窶ｺ Routine Page 窶ｺ should render active and deleted tabs 笏笏笏笏笏
    [webkit] 窶ｺ e2e\routine.spec.ts:41:9 窶ｺ Routine Page 窶ｺ should add a new routine successfully 笏笏笏笏笏

[36m  Serving HTML report at http://localhost:9323. Press Ctrl+C to quit.[39m
