.next/types/validator.ts(161,39): error TS2307: Cannot find module '../../app/weekly-review/page.js' or its corresponding type declarations.
