app/routine/page.tsx(3,8): error TS2613: Module '"C:/Users/yufuj/dev/study-manage/components/layout/AppLayout"' has no default export. Did you mean to use 'import { AppLayout } from "C:/Users/yufuj/dev/study-manage/components/layout/AppLayout"' instead?
